python : 2026-02-13 
12:25:46.224935: I te
nsorflow/core/util/po
rt.cc:153] oneDNN 
custom operations 
are on. You may see 
slightly different 
numerical results 
due to 
floating-point 
round-off errors 
from different 
computation orders. 
To turn them off, 
set the environment 
variable `TF_ENABLE_O
NEDNN_OPTS=0`.
At line:1 char:1
+ python -m src.tests
.test_web_search_pipe
line > 
test_output.txt 2>&1
+ ~~~~~~~~~~~~~~~~~~~
~~~~~~~~~~~~~~~~~~~~~
~~~~~~~~~~~~~~~~~~~~~
~~~~~~
    + CategoryInfo   
           : NotSpe  
  cified: (2026-02   
 -13 12:2...ONEDN    
N_OPTS=0`.:Strin    
g) [], RemoteExc    
eption
    + FullyQualified 
   ErrorId : Native  
  CommandError
 
2026-02-13 
12:25:51.755297: I te
nsorflow/core/util/po
rt.cc:153] oneDNN 
custom operations 
are on. You may see 
slightly different 
numerical results 
due to 
floating-point 
round-off errors 
from different 
computation orders. 
To turn them off, 
set the environment 
variable `TF_ENABLE_O
NEDNN_OPTS=0`.
C:\Users\mostr\OneDri
ve\Documents\GitHub\P
riyanka\Proj\multi-ag
ent-content-generatio
n-pipeline\src\lib\we
b_search.py:11: 
RuntimeWarning: This 
package (`duckduckgo_
search`) has been 
renamed to `ddgs`! 
Use `pip install 
ddgs` instead.
  self.ddgs = DDGS()
C:\Users\mostr\OneDri
ve\Documents\GitHub\P
riyanka\Proj\multi-ag
ent-content-generatio
n-pipeline\src\lib\ag
ents\researcher.py:75
: PydanticDeprecatedS
ince20: The `dict` 
method is 
deprecated; use 
`model_dump` 
instead. Deprecated 
in Pydantic V2.0 to 
be removed in V3.0. 
See Pydantic V2 
Migration Guide at ht
tps://errors.pydantic
.dev/2.11/migration/
  log_agent_execution
(run_id, 
'researcher', 
prd.text, 
output.dict())
Traceback (most 
recent call last):
  File "C:\Users\most
r\AppData\Local\Progr
ams\Python\Python313\
Lib\site-packages\hug
gingface_hub\utils\_h
ttp.py", line 409, 
in 
hf_raise_for_status
    response.raise_fo
r_status()
    ~~~~~~~~~~~~~~~~~
~~~~~~~~^^
  File "C:\Users\most
r\AppData\Local\Progr
ams\Python\Python313\
Lib\site-packages\req
uests\models.py", 
line 1026, in 
raise_for_status
    raise HTTPError(h
ttp_error_msg, 
response=self)
requests.exceptions.H
TTPError: 404 Client 
Error: Not Found for 
url: https://router.h
uggingface.co/hf-infe
rence/models/microsof
t/Phi-3-mini-4k-instr
uct

The above exception 
was the direct cause 
of the following 
exception:

Traceback (most 
recent call last):
  File "C:\Users\most
r\OneDrive\Documents\
GitHub\Priyanka\Proj\
multi-agent-content-g
eneration-pipeline\sr
c\tests\test_web_sear
ch_pipeline.py", 
line 59, in test_full
_pipeline_with_web
    draft = 
run_writer(prd, 
research, run_id)
  File "C:\Users\most
r\OneDrive\Documents\
GitHub\Priyanka\Proj\
multi-agent-content-g
eneration-pipeline\sr
c\lib\agents\writer.p
y", line 56, in 
run_writer
    response = 
call_huggingface(
        
prompt=user_prompt,
    ...<2 lines>...
        
max_tokens=3000,
    )
  File "C:\Users\most
r\OneDrive\Documents\
GitHub\Priyanka\Proj\
multi-agent-content-g
eneration-pipeline\sr
c\lib\huggingface_cli
ent.py", line 119, 
in call_huggingface
    raise last_error 
or Exception("Failed 
after retries")
  File "C:\Users\most
r\OneDrive\Documents\
GitHub\Priyanka\Proj\
multi-agent-content-g
eneration-pipeline\sr
c\lib\huggingface_cli
ent.py", line 90, in 
call_huggingface
    response = client
.text_generation(
        
prompt=full_prompt,
    ...<3 lines>...
        return_full_t
ext=False
    )
  File "C:\Users\most
r\AppData\Local\Progr
ams\Python\Python313\
Lib\site-packages\hug
gingface_hub\inferenc
e\_client.py", line 
2356, in 
text_generation
    raise_text_genera
tion_error(e)
    ~~~~~~~~~~~~~~~~~
~~~~~~~~~~^^^
  File "C:\Users\most
r\AppData\Local\Progr
ams\Python\Python313\
Lib\site-packages\hug
gingface_hub\inferenc
e\_common.py", line 
402, in raise_text_ge
neration_error
    raise http_error
  File "C:\Users\most
r\AppData\Local\Progr
ams\Python\Python313\
Lib\site-packages\hug
gingface_hub\inferenc
e\_client.py", line 
2326, in 
text_generation
    bytes_output = se
lf._inner_post(reques
t_parameters, 
stream=stream)
  File "C:\Users\most
r\AppData\Local\Progr
ams\Python\Python313\
Lib\site-packages\hug
gingface_hub\inferenc
e\_client.py", line 
321, in _inner_post
    hf_raise_for_stat
us(response)
    ~~~~~~~~~~~~~~~~~
~~^^^^^^^^^^
  File "C:\Users\most
r\AppData\Local\Progr
ams\Python\Python313\
Lib\site-packages\hug
gingface_hub\utils\_h
ttp.py", line 481, 
in 
hf_raise_for_status
    raise _format(HfH
ubHTTPError, str(e), 
response) from e
huggingface_hub.error
s.HfHubHTTPError: 
404 Client Error: 
Not Found for url: ht
tps://router.huggingf
ace.co/hf-inference/m
odels/microsoft/Phi-3
-mini-4k-instruct 
(Request ID: Root=1-6
98ecb17-50e5f44b4efea
4a0426fbd45;4ff877a4-
63ca-44b3-a787-2172e6
8f168c)
2.20.0
======================================================================
Testing Full Pipeline: Web Search + Phi-3
======================================================================

Run ID: run_1770965754681_bql56w

[1/4] Running Researcher with web search...
[Researcher] Starting research phase with web search...
[RETRY] Attempt 1/3...
[HF] Attempt 1 failed: 404 Client Error: Not Found for url: https://router.huggingface.co/hf-inference/models/microsoft/Phi-3-mini-4k-instruct (Request ID: Root=1-698ecafb-3d4f4faa604ae0584b59bec4;9e89422f-55b7-4920-8739-c1436a3d7f48)
[WAIT] Retrying in 1s...
[RETRY] Attempt 2/3...
[HF] Attempt 2 failed: 404 Client Error: Not Found for url: https://router.huggingface.co/hf-inference/models/microsoft/Phi-3-mini-4k-instruct (Request ID: Root=1-698ecafd-5e7bcab100f7c3d51643c8f8;e79b964e-9351-43c1-9902-c4826897cb56)
[WAIT] Retrying in 2s...
[RETRY] Attempt 3/3...
[HF] Attempt 3 failed: 404 Client Error: Not Found for url: https://router.huggingface.co/hf-inference/models/microsoft/Phi-3-mini-4k-instruct (Request ID: Root=1-698ecaff-392bfdb96930aa7b1e5a36e7;3cd471ad-eb77-4f76-b608-5cf4b43a7e10)
[Researcher] Topic extraction error: 404 Client Error: Not Found for url: https://router.huggingface.co/hf-inference/models/microsoft/Phi-3-mini-4k-instruct (Request ID: Root=1-698ecaff-392bfdb96930aa7b1e5a36e7;3cd471ad-eb77-4f76-b608-5cf4b43a7e10)
[Researcher] Extracted 5 topics: ['Overview', 'Key Features', 'Implementation', 'Best Practices', 'Conclusion']
[WebSearcher] Initialized DuckDuckGo search
[WebSearcher] Searching for: 'Overview'
[WebSearcher] Found 0 results
[WebSearcher] Searching for: 'Key Features'
[WebSearcher] Found 0 results
[WebSearcher] Searching for: 'Implementation'
[WebSearcher] Found 0 results
[WebSearcher] Searching for: 'Best Practices'
[WebSearcher] Found 0 results
[WebSearcher] Searching for: 'Conclusion'
[WebSearcher] Found 0 results
[Researcher] Found 0 sources from web search
[Researcher] No web results, using mock sources
[RETRY] Attempt 1/3...
[HF] Attempt 1 failed: 404 Client Error: Not Found for url: https://router.huggingface.co/hf-inference/models/microsoft/Phi-3-mini-4k-instruct (Request ID: Root=1-698ecb0f-2ad31f265f4c53f1527bff3e;a78cb756-5f97-4e1b-8d28-a580b5eaa93c)
[WAIT] Retrying in 1s...
[RETRY] Attempt 2/3...
[HF] Attempt 2 failed: 404 Client Error: Not Found for url: https://router.huggingface.co/hf-inference/models/microsoft/Phi-3-mini-4k-instruct (Request ID: Root=1-698ecb10-4bc1a4fa4c0cc1c2401d3055;52ae08e3-ace8-49a8-9bba-5380f142013d)
[WAIT] Retrying in 2s...
[RETRY] Attempt 3/3...
[HF] Attempt 3 failed: 404 Client Error: Not Found for url: https://router.huggingface.co/hf-inference/models/microsoft/Phi-3-mini-4k-instruct (Request ID: Root=1-698ecb13-42224c2f6fb364d75b4a87c1;4987fb90-22f6-4fbe-a976-0638ddbde8ec)
[Researcher] Fact extraction error: 404 Client Error: Not Found for url: https://router.huggingface.co/hf-inference/models/microsoft/Phi-3-mini-4k-instruct (Request ID: Root=1-698ecb13-42224c2f6fb364d75b4a87c1;4987fb90-22f6-4fbe-a976-0638ddbde8ec)
[Researcher] Extracted 5 facts
[LOG] Logged researcher execution for run run_1770965754681_bql56w
[Researcher] Completed in 24402ms
   Success: 5 sources found
   Sources:
     1. Research Article: Overview...
     2. Research Article: Key Features...
     3. Research Article: Implementation...

[2/4] Running Writer with Phi-3...
[Writer] Starting writing phase (attempt 1)...
[Writer] PRD Title: AI Developments in 2024
[Writer] Research: 5 sources, 5 facts
[Writer] Generating draft...
[RETRY] Attempt 1/3...
[HF] Attempt 1 failed: 404 Client Error: Not Found for url: https://router.huggingface.co/hf-inference/models/microsoft/Phi-3-mini-4k-instruct (Request ID: Root=1-698ecb13-0fa7937f79ab067f5d85d9c4;2c97f480-925e-4786-9a77-c9dc4505cea9)
[WAIT] Retrying in 1s...
[RETRY] Attempt 2/3...
[HF] Attempt 2 failed: 404 Client Error: Not Found for url: https://router.huggingface.co/hf-inference/models/microsoft/Phi-3-mini-4k-instruct (Request ID: Root=1-698ecb15-72e472ae3ff89cdb3dea4e57;c53712df-60cc-4cf7-bc52-731788f3f3ab)
[WAIT] Retrying in 2s...
[RETRY] Attempt 3/3...
[HF] Attempt 3 failed: 404 Client Error: Not Found for url: https://router.huggingface.co/hf-inference/models/microsoft/Phi-3-mini-4k-instruct (Request ID: Root=1-698ecb17-50e5f44b4efea4a0426fbd45;4ff877a4-63ca-44b3-a787-2172e68f168c)
[Writer] Writing failed: 404 Client Error: Not Found for url: https://router.huggingface.co/hf-inference/models/microsoft/Phi-3-mini-4k-instruct (Request ID: Root=1-698ecb17-50e5f44b4efea4a0426fbd45;4ff877a4-63ca-44b3-a787-2172e68f168c)
[LOG] Logged writer execution for run run_1770965754681_bql56w

Test FAILED: 404 Client Error: Not Found for url: https://router.huggingface.co/hf-inference/models/microsoft/Phi-3-mini-4k-instruct (Request ID: Root=1-698ecb17-50e5f44b4efea4a0426fbd45;4ff877a4-63ca-44b3-a787-2172e68f168c)
